## 删除逻辑卷
```shell
]# lvdisplay  //检查逻辑卷使用情况
--- Logical volume ---
  LV Path                /dev/centos/data
  LV Name                data
  VG Name                centos
  LV UUID                3pdmtX-pRV2-RCpN-0smW-143y-bWFD-fw9Zbg
  LV Write Access        read/write
  LV Creation host, time localhost, 2020-09-02 18:55:04 +0800
  LV Status              available
  # open                 0
  LV Size                <9.77 GiB
  Current LE             2500
  Segments               1
  Allocation             inherit
  Read ahead sectors     auto
  - currently set to     256
  Block device           253:2
   
  --- Logical volume ---
  LV Path                /dev/centos/root
  LV Name                root
  VG Name                centos
  LV UUID                Wvc8D0-b7In-q8W0-sgJZ-Fh9A-5KzX-cgJbE9
  LV Write Access        read/write
  LV Creation host, time localhost, 2020-09-02 18:55:05 +0800
  LV Status              available
  # open                 1
  LV Size                4.88 GiB
  Current LE             1250
  Segments               1
  Allocation             inherit
  Read ahead sectors     auto
  - currently set to     256
  Block device           253:1
   
  --- Logical volume ---
  LV Path                /dev/centos/swap
  LV Name                swap
  VG Name                centos
  LV UUID                GmKBmT-1VHC-JSDW-MYCu-95Ar-dfzu-2alOZG
  LV Write Access        read/write
  LV Creation host, time localhost, 2020-09-02 18:55:05 +0800
  LV Status              available
  # open                 2
  LV Size                1.00 GiB
  Current LE             256
  Segments               1
  Allocation             inherit
  Read ahead sectors     auto
  - currently set to     256
  Block device           253:0

]# lvremove /dev/mapper/centos-date //删除逻辑卷
Do you really want to remove active logical volume centos/data? [y/n]: y
  Logical volume "data" successfully removed

[root@tmaster ~]# lvdisplay //检查是否删除
  --- Logical volume ---
  LV Path                /dev/centos/root
  LV Name                root
  VG Name                centos
  LV UUID                Wvc8D0-b7In-q8W0-sgJZ-Fh9A-5KzX-cgJbE9
  LV Write Access        read/write
  LV Creation host, time localhost, 2020-09-02 18:55:05 +0800
  LV Status              available
  # open                 1
  LV Size                4.88 GiB
  Current LE             1250
  Segments               1
  Allocation             inherit
  Read ahead sectors     auto
  - currently set to     256
  Block device           253:1
   
  --- Logical volume ---
  LV Path                /dev/centos/swap
  LV Name                swap
  VG Name                centos
  LV UUID                GmKBmT-1VHC-JSDW-MYCu-95Ar-dfzu-2alOZG
  LV Write Access        read/write
  LV Creation host, time localhost, 2020-09-02 18:55:05 +0800
  LV Status              available
  # open                 2
  LV Size                1.00 GiB
  Current LE             256
  Segments               1
  Allocation             inherit
  Read ahead sectors     auto
  - currently set to     256
  Block device           253:0
  
[root@tmaster ~]# vgdisplay //查看逻辑卷组空闲空间
  --- Volume group ---
  VG Name               centos
  System ID             
  Format                lvm2
  Metadata Areas        1
  Metadata Sequence No  6
  VG Access             read/write
  VG Status             resizable
  MAX LV                0
  Cur LV                2
  Open LV               2
  Max PV                0
  Cur PV                1
  Act PV                1
  VG Size               <15.65 GiB
  PE Size               4.00 MiB
  Total PE              4006
  Alloc PE / Size       1506 / 5.88 GiB
  Free  PE / Size       2500 / <9.77 GiB
  VG UUID               nc8gT7-dLbn-3GK2-FMSG-PGnB-xvLN-NMPAZZ
  
[root@tmaster ~]# lvextend -L +9.7G /dev/centos/root  //扩容
  Rounding size to boundary between physical extents: 9.70 GiB.
  Size of logical volume centos/root changed from 4.88 GiB (1250 extents) to <14.59 GiB (3734 extents).
  Logical volume centos/root successfully resized.
[root@tmaster ~]# lvdisplay //检查扩容后逻辑卷的空间
  --- Logical volume ---
  LV Path                /dev/centos/root
  LV Name                root
  VG Name                centos
  LV UUID                Wvc8D0-b7In-q8W0-sgJZ-Fh9A-5KzX-cgJbE9
  LV Write Access        read/write
  LV Creation host, time localhost, 2020-09-02 18:55:05 +0800
  LV Status              available
  # open                 1
  LV Size                <14.59 GiB
  Current LE             3734
  Segments               2
  Allocation             inherit
  Read ahead sectors     auto
  - currently set to     8192
  Block device           253:1
   
  --- Logical volume ---
  LV Path                /dev/centos/swap
  LV Name                swap
  VG Name                centos
  LV UUID                GmKBmT-1VHC-JSDW-MYCu-95Ar-dfzu-2alOZG
  LV Write Access        read/write
  LV Creation host, time localhost, 2020-09-02 18:55:05 +0800
  LV Status              available
  # open                 2
  LV Size                1.00 GiB
  Current LE             256
  Segments               1
  Allocation             inherit
  Read ahead sectors     auto
  - currently set to     256
  Block device           253:0
   
[root@tmaster ~]# df -h //检查分区实际空间，并未生效
Filesystem               Size  Used Avail Use% Mounted on
/dev/mapper/centos-root  4.9G  4.8G  123M  98% /
devtmpfs                 484M     0  484M   0% /dev
tmpfs                    490M     0  490M   0% /dev/shm
tmpfs                    490M  6.7M  484M   2% /run
tmpfs                    490M     0  490M   0% /sys/fs/cgroup
/dev/sda1                497M   97M  400M  20% /boot
tmpfs                     98M     0   98M   0% /run/user/0

[root@tmaster ~]# resize2fs -p /dev/centos/root //重新定义分区大小，提示有问题。原因是根分区格式是xfx
resize2fs 1.42.9 (28-Dec-2013)
resize2fs: Bad magic number in super-block while trying to open /dev/centos/root
Couldn't find valid filesystem superblock.

[root@tmaster ~]# xfs_growfs /dev/mapper/centos-root //使用xfx_growfs调整
meta-data=/dev/mapper/centos-root isize=256    agcount=4, agsize=320000 blks
         =                       sectsz=512   attr=2, projid32bit=1
         =                       crc=0
data     =                       bsize=4096   blocks=1280000, imaxpct=25
         =                       sunit=0      swidth=0 blks
naming   =version 2              bsize=4096   ascii-ci=0 ftype=0
log      =internal               bsize=4096   blocks=2560, version=2
         =                       sectsz=512   sunit=0 blks, lazy-count=1
realtime =none                   extsz=4096   blocks=0, rtextents=0
data blocks changed from 1280000 to 3823616
[root@tmaster ~]# df -h
Filesystem               Size  Used Avail Use% Mounted on
/dev/mapper/centos-root   15G  4.8G  9.9G  33% /
devtmpfs                 484M     0  484M   0% /dev
tmpfs                    490M     0  490M   0% /dev/shm
tmpfs                    490M  6.7M  484M   2% /run
tmpfs                    490M     0  490M   0% /sys/fs/cgroup
/dev/sda1                497M   97M  400M  20% /boot
tmpfs                     98M     0   98M   0% /run/user/0
```
